=== Stage 1: Energy-Only Training (tier1_v1) ===
Data: 2020-01-01 to 2023-12-31
Device: cuda
Total steps: 500000
=== Stage 1 Tier 1 v1 Configuration ===
Critic: BroNet (LayerNorm + 2 residual blocks + HL-Gauss 101 bins)
Critic optimizer: AdamW lr=0.0001 weight_decay=0.1
Actor optimizer: Adam lr=0.0003 (unchanged)
Gamma: 0.97
Alpha: 0.1 (FIXED, no auto-tuning)
Polyak tau: 0.001
HL-Gauss: support=[-20.0, 20.0], n_atoms=101, sigma=0.75
Reward pre-scale: ÷100.0 before symlog
Gradient clip: actor=1.0 critic=1.0 ttfe=0.5
TTFE optimizer: Adam lr=0.0003
Resuming from checkpoint: checkpoints/tier1_seed42_preserved/checkpoint_step50000.pt at step 50000
  reset_optimizers=True — loading weights only; Adam moments reset to zero
  tau_gumbel set to 0.9100 (step 50000)
  Adam state entries per param group (should be 0 pre-first-step): ttfe=0 actor=0 critic=0
Warming up for 1000 steps...
Step   51000/500000 | ep=5 | critic=4.1431 | actor=-10.4017 | avg_reward=0.0 | avg_raw_reward=4.8 | avg_soc=10.74 | grad_c=0.189→0.189 | grad_a=1.772→1.000 | grad_t=0.015 [proj=0.0 attn=0.0] | mode_env=[ch=42% dc=42% id=17%] mode_batch=[ch=47% dc=49% id=4%] | tau_g=0.908 | 1178.4 steps/s | bin_ent=2.073 bin_argmax=2.34 q_exp_mean=2.41 q_exp_maxabs=3.1
Step   52000/500000 | ep=11 | critic=4.1410 | actor=-10.4280 | avg_reward=1.0 | avg_raw_reward=220.0 | avg_soc=9.61 | grad_c=0.266→0.266 | grad_a=1.386→1.000 | grad_t=0.042 [proj=0.0 attn=0.0] | mode_env=[ch=43% dc=48% id=9%] mode_batch=[ch=18% dc=66% id=16%] | tau_g=0.906 | 519.8 steps/s | bin_ent=2.067 bin_argmax=2.34 q_exp_mean=2.39 q_exp_maxabs=4.1
Step   53000/500000 | ep=14 | critic=4.1372 | actor=-10.2911 | avg_reward=0.9 | avg_raw_reward=221.6 | avg_soc=6.01 | grad_c=0.248→0.248 | grad_a=0.694→0.694 | grad_t=0.025 [proj=0.0 attn=0.0] | mode_env=[ch=36% dc=33% id=31%] mode_batch=[ch=26% dc=54% id=19%] | tau_g=0.905 | 338.4 steps/s | bin_ent=2.070 bin_argmax=2.35 q_exp_mean=2.38 q_exp_maxabs=3.0
Step   54000/500000 | ep=19 | critic=4.1506 | actor=-9.2928 | avg_reward=-0.2 | avg_raw_reward=-16.4 | avg_soc=10.37 | grad_c=0.900→0.900 | grad_a=3.820→1.000 | grad_t=0.217 [proj=0.0 attn=0.2] | mode_env=[ch=31% dc=30% id=39%] mode_batch=[ch=27% dc=52% id=21%] | tau_g=0.903 | 252.9 steps/s | bin_ent=2.062 bin_argmax=2.26 q_exp_mean=2.30 q_exp_maxabs=3.1
Step   55000/500000 | ep=22 | critic=4.1389 | actor=-10.5644 | avg_reward=0.4 | avg_raw_reward=142.3 | avg_soc=4.39 | grad_c=0.238→0.238 | grad_a=3.077→1.000 | grad_t=0.018 [proj=0.0 attn=0.0] | mode_env=[ch=23% dc=26% id=51%] mode_batch=[ch=26% dc=47% id=28%] | tau_g=0.901 | 203.6 steps/s | bin_ent=2.071 bin_argmax=2.33 q_exp_mean=2.36 q_exp_maxabs=4.7
Step   56000/500000 | ep=26 | critic=4.1359 | actor=-9.5393 | avg_reward=1.0 | avg_raw_reward=243.2 | avg_soc=9.89 | grad_c=0.377→0.377 | grad_a=1.050→1.000 | grad_t=0.037 [proj=0.0 attn=0.0] | mode_env=[ch=25% dc=25% id=50%] mode_batch=[ch=18% dc=54% id=28%] | tau_g=0.899 | 171.3 steps/s | bin_ent=2.068 bin_argmax=2.27 q_exp_mean=2.32 q_exp_maxabs=3.8
Step   57000/500000 | ep=29 | critic=4.1413 | actor=-9.0402 | avg_reward=1.0 | avg_raw_reward=240.8 | avg_soc=4.58 | grad_c=0.284→0.284 | grad_a=1.770→1.000 | grad_t=0.040 [proj=0.0 attn=0.0] | mode_env=[ch=18% dc=23% id=59%] mode_batch=[ch=29% dc=43% id=27%] | tau_g=0.897 | 148.5 steps/s | bin_ent=2.071 bin_argmax=2.20 q_exp_mean=2.27 q_exp_maxabs=3.7
Step   58000/500000 | ep=33 | critic=4.1416 | actor=-9.4872 | avg_reward=0.1 | avg_raw_reward=21.5 | avg_soc=9.74 | grad_c=0.463→0.463 | grad_a=1.314→1.000 | grad_t=0.079 [proj=0.0 attn=0.1] | mode_env=[ch=32% dc=26% id=42%] mode_batch=[ch=21% dc=55% id=24%] | tau_g=0.896 | 131.6 steps/s | bin_ent=2.071 bin_argmax=2.25 q_exp_mean=2.30 q_exp_maxabs=4.3
Step   59000/500000 | ep=37 | critic=4.1436 | actor=-9.7169 | avg_reward=0.2 | avg_raw_reward=17.8 | avg_soc=5.19 | grad_c=0.227→0.227 | grad_a=4.913→1.000 | grad_t=0.022 [proj=0.0 attn=0.0] | mode_env=[ch=22% dc=23% id=55%] mode_batch=[ch=17% dc=59% id=24%] | tau_g=0.894 | 118.5 steps/s | bin_ent=2.070 bin_argmax=2.22 q_exp_mean=2.27 q_exp_maxabs=5.2
Step   60000/500000 | ep=41 | critic=4.1381 | actor=-8.6743 | avg_reward=0.5 | avg_raw_reward=395.3 | avg_soc=10.87 | grad_c=0.490→0.490 | grad_a=2.004→1.000 | grad_t=0.024 [proj=0.0 attn=0.0] | mode_env=[ch=30% dc=23% id=46%] mode_batch=[ch=24% dc=54% id=23%] | tau_g=0.892 | 108.2 steps/s | bin_ent=2.072 bin_argmax=2.15 q_exp_mean=2.23 q_exp_maxabs=2.9
Step   61000/500000 | ep=46 | critic=4.1337 | actor=-9.0824 | avg_reward=0.3 | avg_raw_reward=386.7 | avg_soc=5.73 | grad_c=0.200→0.200 | grad_a=0.788→0.788 | grad_t=0.010 [proj=0.0 attn=0.0] | mode_env=[ch=22% dc=30% id=48%] mode_batch=[ch=16% dc=57% id=27%] | tau_g=0.890 | 99.8 steps/s | bin_ent=2.070 bin_argmax=2.22 q_exp_mean=2.27 q_exp_maxabs=3.2
Step   62000/500000 | ep=51 | critic=4.1443 | actor=-810.6584 | avg_reward=-0.0 | avg_raw_reward=3.9 | avg_soc=4.97 | grad_c=0.373→0.373 | grad_a=241.346→1.000 | grad_t=0.018 [proj=0.0 attn=0.0] | mode_env=[ch=26% dc=27% id=47%] mode_batch=[ch=27% dc=57% id=16%] | tau_g=0.888 | 92.7 steps/s | bin_ent=2.072 bin_argmax=2.29 q_exp_mean=2.33 q_exp_maxabs=12.1 | SPIKE batch_price_max=$4479 n>2k=1 n>5k=0
Step   63000/500000 | ep=55 | critic=4.1411 | actor=-9.1676 | avg_reward=-0.3 | avg_raw_reward=-31.7 | avg_soc=6.64 | grad_c=0.280→0.280 | grad_a=2.003→1.000 | grad_t=0.018 [proj=0.0 attn=0.0] | mode_env=[ch=30% dc=29% id=42%] mode_batch=[ch=29% dc=51% id=19%] | tau_g=0.887 | 86.9 steps/s | bin_ent=2.077 bin_argmax=2.22 q_exp_mean=2.27 q_exp_maxabs=3.2
Step   64000/500000 | ep=60 | critic=4.1446 | actor=-1351.2157 | avg_reward=-0.2 | avg_raw_reward=-19.8 | avg_soc=5.44 | grad_c=0.302→0.302 | grad_a=3.117→1.000 | grad_t=0.019 [proj=0.0 attn=0.0] | mode_env=[ch=25% dc=23% id=53%] mode_batch=[ch=26% dc=53% id=21%] | tau_g=0.885 | 81.8 steps/s | bin_ent=2.084 bin_argmax=2.24 q_exp_mean=2.29 q_exp_maxabs=12.7
Step   65000/500000 | ep=65 | critic=4.1462 | actor=-9.5199 | avg_reward=0.3 | avg_raw_reward=76.8 | avg_soc=4.72 | grad_c=0.438→0.438 | grad_a=2.501→1.000 | grad_t=0.030 [proj=0.0 attn=0.0] | mode_env=[ch=27% dc=30% id=43%] mode_batch=[ch=29% dc=56% id=15%] | tau_g=0.883 | 77.5 steps/s | bin_ent=2.077 bin_argmax=2.24 q_exp_mean=2.28 q_exp_maxabs=4.5
Step   66000/500000 | ep=70 | critic=4.1434 | actor=-9.9569 | avg_reward=0.2 | avg_raw_reward=66.3 | avg_soc=5.27 | grad_c=0.461→0.461 | grad_a=1.390→1.000 | grad_t=0.092 [proj=0.0 attn=0.1] | mode_env=[ch=26% dc=29% id=45%] mode_batch=[ch=29% dc=51% id=20%] | tau_g=0.881 | 73.7 steps/s | bin_ent=2.071 bin_argmax=2.26 q_exp_mean=2.33 q_exp_maxabs=4.4
Step   67000/500000 | ep=76 | critic=4.1414 | actor=-12.4518 | avg_reward=1.8 | avg_raw_reward=440.7 | avg_soc=9.48 | grad_c=0.366→0.366 | grad_a=46.656→1.000 | grad_t=0.025 [proj=0.0 attn=0.0] | mode_env=[ch=32% dc=31% id=37%] mode_batch=[ch=34% dc=51% id=15%] | tau_g=0.879 | 70.4 steps/s | bin_ent=2.075 bin_argmax=2.28 q_exp_mean=2.33 q_exp_maxabs=6.5
Step   68000/500000 | ep=81 | critic=4.1581 | actor=-68.3112 | avg_reward=3.2 | avg_raw_reward=740.1 | avg_soc=10.96 | grad_c=1.254→1.000 | grad_a=82.856→1.000 | grad_t=0.044 [proj=0.0 attn=0.0] | mode_env=[ch=27% dc=29% id=44%] mode_batch=[ch=37% dc=44% id=19%] | tau_g=0.878 | 67.5 steps/s | bin_ent=2.078 bin_argmax=2.23 q_exp_mean=2.28 q_exp_maxabs=9.3 | SPIKE batch_price_max=$878 n>2k=0 n>5k=0
Step   69000/500000 | ep=86 | critic=4.1513 | actor=-12.5381 | avg_reward=4.1 | avg_raw_reward=907.9 | avg_soc=4.18 | grad_c=0.324→0.324 | grad_a=9.115→1.000 | grad_t=0.030 [proj=0.0 attn=0.0] | mode_env=[ch=25% dc=28% id=47%] mode_batch=[ch=30% dc=50% id=20%] | tau_g=0.876 | 64.8 steps/s | bin_ent=2.076 bin_argmax=2.23 q_exp_mean=2.30 q_exp_maxabs=6.7
Step   70000/500000 | ep=90 | critic=4.1512 | actor=-17.2518 | avg_reward=3.2 | avg_raw_reward=720.4 | avg_soc=10.49 | grad_c=0.471→0.471 | grad_a=6.780→1.000 | grad_t=0.048 [proj=0.0 attn=0.0] | mode_env=[ch=27% dc=28% id=44%] mode_batch=[ch=35% dc=48% id=16%] | tau_g=0.874 | 62.4 steps/s | bin_ent=2.076 bin_argmax=2.23 q_exp_mean=2.33 q_exp_maxabs=7.6
Step   71000/500000 | ep=96 | critic=4.1629 | actor=-57.8420 | avg_reward=0.4 | avg_raw_reward=79.2 | avg_soc=11.68 | grad_c=0.672→0.672 | grad_a=512.383→1.000 | grad_t=0.048 [proj=0.0 attn=0.0] | mode_env=[ch=25% dc=26% id=49%] mode_batch=[ch=32% dc=53% id=15%] | tau_g=0.872 | 60.2 steps/s | bin_ent=2.079 bin_argmax=2.19 q_exp_mean=2.28 q_exp_maxabs=9.4 | SPIKE batch_price_max=$4479 n>2k=2 n>5k=0
Step   72000/500000 | ep=102 | critic=4.1495 | actor=-332.4782 | avg_reward=-0.1 | avg_raw_reward=-15.3 | avg_soc=10.20 | grad_c=0.316→0.316 | grad_a=1291.238→1.000 | grad_t=0.039 [proj=0.0 attn=0.0] | mode_env=[ch=32% dc=32% id=36%] mode_batch=[ch=30% dc=49% id=21%] | tau_g=0.870 | 58.3 steps/s | bin_ent=2.076 bin_argmax=2.28 q_exp_mean=2.35 q_exp_maxabs=11.1 | SPIKE batch_price_max=$921 n>2k=0 n>5k=0
Step   73000/500000 | ep=107 | critic=4.1568 | actor=-9.5780 | avg_reward=-0.2 | avg_raw_reward=-22.6 | avg_soc=3.49 | grad_c=0.386→0.386 | grad_a=1.432→1.000 | grad_t=0.060 [proj=0.0 attn=0.1] | mode_env=[ch=20% dc=22% id=58%] mode_batch=[ch=37% dc=47% id=16%] | tau_g=0.869 | 56.5 steps/s | bin_ent=2.075 bin_argmax=2.15 q_exp_mean=2.24 q_exp_maxabs=5.0
Step   74000/500000 | ep=111 | critic=4.1502 | actor=-9.6894 | avg_reward=0.9 | avg_raw_reward=185.6 | avg_soc=9.49 | grad_c=0.355→0.355 | grad_a=1.890→1.000 | grad_t=0.021 [proj=0.0 attn=0.0] | mode_env=[ch=33% dc=30% id=37%] mode_batch=[ch=34% dc=49% id=17%] | tau_g=0.867 | 54.8 steps/s | bin_ent=2.078 bin_argmax=2.19 q_exp_mean=2.25 q_exp_maxabs=4.6
Step   75000/500000 | ep=115 | critic=4.1493 | actor=-9.7685 | avg_reward=1.1 | avg_raw_reward=218.3 | avg_soc=7.98 | grad_c=0.559→0.559 | grad_a=9.472→1.000 | grad_t=0.029 [proj=0.0 attn=0.0] | mode_env=[ch=17% dc=18% id=65%] mode_batch=[ch=34% dc=53% id=13%] | tau_g=0.865 | 53.3 steps/s | bin_ent=2.079 bin_argmax=2.06 q_exp_mean=2.15 q_exp_maxabs=6.0
  Checkpoint saved: checkpoints/tier1_seed42_v21/checkpoint_step75000.pt
Step   76000/500000 | ep=119 | critic=4.1419 | actor=-9.8054 | avg_reward=3.3 | avg_raw_reward=702.6 | avg_soc=5.02 | grad_c=0.419→0.419 | grad_a=6.858→1.000 | grad_t=0.052 [proj=0.0 attn=0.0] | mode_env=[ch=32% dc=29% id=39%] mode_batch=[ch=37% dc=45% id=17%] | tau_g=0.863 | 51.9 steps/s | bin_ent=2.076 bin_argmax=2.16 q_exp_mean=2.26 q_exp_maxabs=5.2
