=== Stage 1: Energy-Only Training (tier1_v1) ===
Data: 2020-01-01 to 2023-12-31
Device: cuda
Total steps: 500000
=== Stage 1 Tier 1 v1 Configuration ===
Critic: BroNet (LayerNorm + 2 residual blocks + HL-Gauss 101 bins)
Critic optimizer: AdamW lr=0.0001 weight_decay=0.1
Actor optimizer: Adam lr=0.0003 (unchanged)
Gamma: 0.97
Alpha: 0.1 (FIXED, no auto-tuning)
Polyak tau: 0.001
HL-Gauss: support=[-20.0, 20.0], n_atoms=101, sigma=0.75
Reward pre-scale: ÷100.0 before symlog
Gradient clip: actor=1.0 critic=1.0 ttfe=0.5
TTFE optimizer: Adam lr=0.0003
Resuming from checkpoint: checkpoints/tier1_seed42_preserved/checkpoint_step50000.pt at step 50000
  tau_gumbel set to 0.9100 (step 50000)
Warming up for 1000 steps...
Step   51000/500000 | ep=5 | critic=4.1402 | actor=-11.4795 | avg_reward=-0.1 | avg_raw_reward=-17.0 | avg_soc=10.73 | grad_c=0.215→0.215 | grad_a=2.699→1.000 | grad_t=0.036 [proj=0.0 attn=0.0] | mode_env=[ch=28% dc=30% id=42%] mode_batch=[ch=41% dc=46% id=13%] | tau_g=0.908 | 1276.5 steps/s | bin_ent=2.068 bin_argmax=2.48 q_exp_mean=2.49 q_exp_maxabs=3.0
Step   52000/500000 | ep=10 | critic=4.1380 | actor=-35.7270 | avg_reward=0.4 | avg_raw_reward=84.8 | avg_soc=7.09 | grad_c=0.687→0.687 | grad_a=412.318→1.000 | grad_t=0.068 [proj=0.0 attn=0.1] | mode_env=[ch=35% dc=35% id=30%] mode_batch=[ch=34% dc=44% id=22%] | tau_g=0.906 | 563.6 steps/s | bin_ent=2.070 bin_argmax=2.43 q_exp_mean=2.51 q_exp_maxabs=8.5
Step   53000/500000 | ep=14 | critic=4.1419 | actor=-13.9840 | avg_reward=0.4 | avg_raw_reward=81.9 | avg_soc=7.27 | grad_c=0.401→0.401 | grad_a=149.434→1.000 | grad_t=0.087 [proj=0.0 attn=0.1] | mode_env=[ch=38% dc=33% id=28%] mode_batch=[ch=23% dc=56% id=20%] | tau_g=0.905 | 366.6 steps/s | bin_ent=2.071 bin_argmax=2.38 q_exp_mean=2.45 q_exp_maxabs=6.7
Step   54000/500000 | ep=18 | critic=4.1446 | actor=-22.2207 | avg_reward=-0.3 | avg_raw_reward=-28.3 | avg_soc=6.60 | grad_c=0.416→0.416 | grad_a=73.176→1.000 | grad_t=0.085 [proj=0.0 attn=0.1] | mode_env=[ch=29% dc=30% id=40%] mode_batch=[ch=33% dc=44% id=23%] | tau_g=0.903 | 274.3 steps/s | bin_ent=2.077 bin_argmax=2.40 q_exp_mean=2.44 q_exp_maxabs=7.3
Step   55000/500000 | ep=22 | critic=4.1482 | actor=-10.1989 | avg_reward=0.2 | avg_raw_reward=92.5 | avg_soc=6.91 | grad_c=0.227→0.227 | grad_a=20.920→1.000 | grad_t=0.015 [proj=0.0 attn=0.0] | mode_env=[ch=41% dc=33% id=25%] mode_batch=[ch=30% dc=47% id=22%] | tau_g=0.901 | 220.7 steps/s | bin_ent=2.072 bin_argmax=2.31 q_exp_mean=2.37 q_exp_maxabs=4.5
Step   56000/500000 | ep=26 | critic=4.1380 | actor=-15.8562 | avg_reward=1.1 | avg_raw_reward=256.5 | avg_soc=10.39 | grad_c=0.181→0.181 | grad_a=1.335→1.000 | grad_t=0.016 [proj=0.0 attn=0.0] | mode_env=[ch=29% dc=29% id=43%] mode_batch=[ch=32% dc=47% id=20%] | tau_g=0.899 | 185.7 steps/s | bin_ent=2.069 bin_argmax=2.30 q_exp_mean=2.37 q_exp_maxabs=7.3
Step   57000/500000 | ep=29 | critic=4.1390 | actor=-96.0295 | avg_reward=1.1 | avg_raw_reward=256.5 | avg_soc=6.75 | grad_c=0.180→0.180 | grad_a=1.287→1.000 | grad_t=0.018 [proj=0.0 attn=0.0] | mode_env=[ch=41% dc=38% id=22%] mode_batch=[ch=33% dc=49% id=18%] | tau_g=0.897 | 160.1 steps/s | bin_ent=2.068 bin_argmax=2.28 q_exp_mean=2.33 q_exp_maxabs=10.0
Step   58000/500000 | ep=33 | critic=4.1431 | actor=-154.5601 | avg_reward=0.1 | avg_raw_reward=20.8 | avg_soc=7.63 | grad_c=0.326→0.326 | grad_a=3.084→1.000 | grad_t=0.030 [proj=0.0 attn=0.0] | mode_env=[ch=36% dc=30% id=34%] mode_batch=[ch=51% dc=35% id=15%] | tau_g=0.896 | 140.5 steps/s | bin_ent=2.073 bin_argmax=2.25 q_exp_mean=2.33 q_exp_maxabs=10.5
Step   59000/500000 | ep=37 | critic=4.1457 | actor=-8.9886 | avg_reward=0.1 | avg_raw_reward=8.2 | avg_soc=7.51 | grad_c=0.723→0.723 | grad_a=0.760→0.760 | grad_t=0.098 [proj=0.0 attn=0.1] | mode_env=[ch=35% dc=35% id=30%] mode_batch=[ch=27% dc=58% id=15%] | tau_g=0.894 | 125.6 steps/s | bin_ent=2.073 bin_argmax=2.21 q_exp_mean=2.27 q_exp_maxabs=2.8
Step   60000/500000 | ep=44 | critic=4.1555 | actor=-8.7620 | avg_reward=1.1 | avg_raw_reward=482.0 | avg_soc=5.33 | grad_c=0.501→0.501 | grad_a=2.020→1.000 | grad_t=0.056 [proj=0.0 attn=0.1] | mode_env=[ch=41% dc=36% id=23%] mode_batch=[ch=31% dc=56% id=13%] | tau_g=0.892 | 114.0 steps/s | bin_ent=2.072 bin_argmax=2.20 q_exp_mean=2.24 q_exp_maxabs=3.1
Step   61000/500000 | ep=48 | critic=4.1376 | actor=-8.9723 | avg_reward=0.7 | avg_raw_reward=443.5 | avg_soc=8.94 | grad_c=0.351→0.351 | grad_a=1.737→1.000 | grad_t=0.020 [proj=0.0 attn=0.0] | mode_env=[ch=45% dc=40% id=15%] mode_batch=[ch=31% dc=56% id=13%] | tau_g=0.890 | 104.6 steps/s | bin_ent=2.074 bin_argmax=2.20 q_exp_mean=2.26 q_exp_maxabs=3.4
Step   62000/500000 | ep=53 | critic=4.1493 | actor=-10.6519 | avg_reward=-0.3 | avg_raw_reward=-34.5 | avg_soc=4.55 | grad_c=0.406→0.406 | grad_a=13.363→1.000 | grad_t=0.044 [proj=0.0 attn=0.0] | mode_env=[ch=34% dc=35% id=31%] mode_batch=[ch=41% dc=47% id=12%] | tau_g=0.888 | 96.9 steps/s | bin_ent=2.079 bin_argmax=2.15 q_exp_mean=2.22 q_exp_maxabs=6.3
Step   63000/500000 | ep=68 | critic=4.1705 | actor=-7.8616 | avg_reward=-0.3 | avg_raw_reward=-36.4 | avg_soc=5.84 | grad_c=3.076→1.000 | grad_a=10.157→1.000 | grad_t=0.385 [proj=0.0 attn=0.4] | mode_env=[ch=35% dc=50% id=15%] mode_batch=[ch=26% dc=61% id=13%] | tau_g=0.887 | 90.4 steps/s | bin_ent=2.083 bin_argmax=2.08 q_exp_mean=2.12 q_exp_maxabs=3.6
Step   64000/500000 | ep=74 | critic=4.1683 | actor=-11.0600 | avg_reward=3.5 | avg_raw_reward=631.0 | avg_soc=9.03 | grad_c=1.030→1.000 | grad_a=66.816→1.000 | grad_t=0.080 [proj=0.0 attn=0.1] | mode_env=[ch=36% dc=42% id=22%] mode_batch=[ch=40% dc=47% id=12%] | tau_g=0.885 | 84.8 steps/s | bin_ent=2.075 bin_argmax=2.09 q_exp_mean=2.18 q_exp_maxabs=6.6
Step   65000/500000 | ep=77 | critic=4.1663 | actor=-9.2839 | avg_reward=5.7 | avg_raw_reward=1119.2 | avg_soc=7.26 | grad_c=1.115→1.000 | grad_a=2.983→1.000 | grad_t=0.107 [proj=0.0 attn=0.1] | mode_env=[ch=41% dc=32% id=26%] mode_batch=[ch=36% dc=55% id=9%] | tau_g=0.883 | 80.2 steps/s | bin_ent=2.079 bin_argmax=2.16 q_exp_mean=2.21 q_exp_maxabs=5.5
Step   66000/500000 | ep=81 | critic=4.1408 | actor=-8.2572 | avg_reward=6.0 | avg_raw_reward=1155.4 | avg_soc=8.12 | grad_c=0.754→0.754 | grad_a=1.804→1.000 | grad_t=0.035 [proj=0.0 attn=0.0] | mode_env=[ch=47% dc=40% id=13%] mode_batch=[ch=32% dc=58% id=9%] | tau_g=0.881 | 76.1 steps/s | bin_ent=2.068 bin_argmax=2.13 q_exp_mean=2.18 q_exp_maxabs=2.9
Step   67000/500000 | ep=85 | critic=4.1542 | actor=-4307.9956 | avg_reward=3.3 | avg_raw_reward=717.3 | avg_soc=7.02 | grad_c=0.846→0.846 | grad_a=2.241→1.000 | grad_t=0.130 [proj=0.0 attn=0.1] | mode_env=[ch=44% dc=37% id=19%] mode_batch=[ch=39% dc=48% id=13%] | tau_g=0.879 | 72.6 steps/s | bin_ent=2.074 bin_argmax=2.12 q_exp_mean=2.19 q_exp_maxabs=13.9
Step   68000/500000 | ep=89 | critic=4.1631 | actor=-14.0784 | avg_reward=2.7 | avg_raw_reward=525.6 | avg_soc=9.23 | grad_c=0.929→0.929 | grad_a=76.244→1.000 | grad_t=0.046 [proj=0.0 attn=0.0] | mode_env=[ch=44% dc=39% id=17%] mode_batch=[ch=37% dc=49% id=14%] | tau_g=0.878 | 69.4 steps/s | bin_ent=2.084 bin_argmax=2.09 q_exp_mean=2.18 q_exp_maxabs=6.4
Step   69000/500000 | ep=92 | critic=4.1425 | actor=-7.8134 | avg_reward=3.2 | avg_raw_reward=625.2 | avg_soc=7.10 | grad_c=0.390→0.390 | grad_a=2.858→1.000 | grad_t=0.023 [proj=0.0 attn=0.0] | mode_env=[ch=32% dc=32% id=36%] mode_batch=[ch=26% dc=59% id=14%] | tau_g=0.876 | 66.5 steps/s | bin_ent=2.075 bin_argmax=2.00 q_exp_mean=2.10 q_exp_maxabs=3.7
Step   70000/500000 | ep=99 | critic=4.1764 | actor=-10.0734 | avg_reward=0.9 | avg_raw_reward=200.7 | avg_soc=5.20 | grad_c=1.356→1.000 | grad_a=1.557→1.000 | grad_t=0.080 [proj=0.0 attn=0.1] | mode_env=[ch=27% dc=38% id=36%] mode_batch=[ch=31% dc=58% id=11%] | tau_g=0.874 | 64.0 steps/s | bin_ent=2.082 bin_argmax=2.06 q_exp_mean=2.14 q_exp_maxabs=5.7
Step   71000/500000 | ep=104 | critic=4.1420 | actor=-22.3819 | avg_reward=0.4 | avg_raw_reward=96.6 | avg_soc=6.58 | grad_c=0.531→0.531 | grad_a=2.056→1.000 | grad_t=0.053 [proj=0.0 attn=0.1] | mode_env=[ch=29% dc=37% id=34%] mode_batch=[ch=29% dc=61% id=10%] | tau_g=0.872 | 61.8 steps/s | bin_ent=2.068 bin_argmax=2.07 q_exp_mean=2.10 q_exp_maxabs=8.3
Step   72000/500000 | ep=110 | critic=4.1522 | actor=-22.8872 | avg_reward=0.7 | avg_raw_reward=142.3 | avg_soc=6.59 | grad_c=0.912→0.912 | grad_a=181.702→1.000 | grad_t=0.066 [proj=0.0 attn=0.1] | mode_env=[ch=28% dc=35% id=37%] mode_batch=[ch=31% dc=57% id=12%] | tau_g=0.870 | 59.7 steps/s | bin_ent=2.074 bin_argmax=2.12 q_exp_mean=2.17 q_exp_maxabs=8.2
Step   73000/500000 | ep=116 | critic=4.1461 | actor=-8.1990 | avg_reward=0.9 | avg_raw_reward=177.5 | avg_soc=5.36 | grad_c=0.501→0.501 | grad_a=1.550→1.000 | grad_t=0.032 [proj=0.0 attn=0.0] | mode_env=[ch=29% dc=35% id=36%] mode_batch=[ch=39% dc=47% id=13%] | tau_g=0.869 | 57.9 steps/s | bin_ent=2.076 bin_argmax=2.04 q_exp_mean=2.12 q_exp_maxabs=3.8
Step   74000/500000 | ep=124 | critic=4.1447 | actor=-10.2837 | avg_reward=2.2 | avg_raw_reward=418.9 | avg_soc=5.28 | grad_c=0.439→0.439 | grad_a=1.550→1.000 | grad_t=0.027 [proj=0.0 attn=0.0] | mode_env=[ch=26% dc=33% id=41%] mode_batch=[ch=35% dc=49% id=16%] | tau_g=0.867 | 56.2 steps/s | bin_ent=2.073 bin_argmax=2.06 q_exp_mean=2.13 q_exp_maxabs=6.4
Step   75000/500000 | ep=130 | critic=4.1454 | actor=-81.9007 | avg_reward=1.1 | avg_raw_reward=228.6 | avg_soc=4.87 | grad_c=0.618→0.618 | grad_a=19.185→1.000 | grad_t=0.073 [proj=0.0 attn=0.1] | mode_env=[ch=20% dc=26% id=54%] mode_batch=[ch=29% dc=56% id=15%] | tau_g=0.865 | 54.6 steps/s | bin_ent=2.073 bin_argmax=2.07 q_exp_mean=2.12 q_exp_maxabs=9.7
  Checkpoint saved: checkpoints/tier1_seed42_v2/checkpoint_step75000.pt
Step   76000/500000 | ep=135 | critic=4.1400 | actor=-10.9142 | avg_reward=1.2 | avg_raw_reward=239.1 | avg_soc=4.70 | grad_c=0.401→0.401 | grad_a=14.697→1.000 | grad_t=0.035 [proj=0.0 attn=0.0] | mode_env=[ch=26% dc=29% id=46%] mode_batch=[ch=27% dc=59% id=14%] | tau_g=0.863 | 53.1 steps/s | bin_ent=2.072 bin_argmax=2.08 q_exp_mean=2.15 q_exp_maxabs=5.9
Step   77000/500000 | ep=138 | critic=4.1470 | actor=-21.9622 | avg_reward=-0.1 | avg_raw_reward=-19.3 | avg_soc=4.74 | grad_c=1.285→1.000 | grad_a=8.357→1.000 | grad_t=0.109 [proj=0.0 attn=0.1] | mode_env=[ch=11% dc=16% id=73%] mode_batch=[ch=37% dc=47% id=16%] | tau_g=0.861 | 51.9 steps/s | bin_ent=2.073 bin_argmax=2.10 q_exp_mean=2.16 q_exp_maxabs=7.9
